---
source: src/main.rs
expression: contents
---
stdout:
Bagel instance

stderr:
