---
source: src/main.rs
expression: contents
---
stdout:
Yum!
Slurp!

stderr:
