---
source: src/main.rs
expression: contents
---
stdout:

stderr:
[line 3] Error at '.': Expected expression
[line 8] Error at '.': Expected expression
