---
source: src/main.rs
expression: contents
---
stdout:
DevonshireCream

stderr:
