---
source: src/main.rs
expression: contents
---
stdout:
assigned
nil

stderr:
