---
source: src/main.rs
expression: contents
---
stdout:
one
true
3

stderr:
