---
source: src/main.rs
expression: contents
---
stdout:
3
5
4
1
2

stderr:
