---
source: src/main.rs
expression: contents
---
stdout:

stderr:
Undefined variable 'a'.
