---
source: src/main.rs
expression: contents
---
stdout:
Hi, Dear Reader!

stderr:
