---
source: src/main.rs
expression: contents
---
stdout:
A method

stderr:
