---
source: src/main.rs
expression: contents
---
stdout:
before
after

stderr:
