---
source: src/main.rs
expression: contents
---
stdout:
Fry until golden brown.

stderr:
