---
source: src/main.rs
expression: contents
---
stdout:
Jane

stderr:
