---
source: src/main.rs
expression: contents
---
stdout:
Crunch crunch crunch!

stderr:
