---
source: src/main.rs
expression: contents
---
stdout:
3

stderr:
