---
source: src/main.rs
expression: contents
---
stdout:
1
2

stderr:
