---
source: src/main.rs
expression: contents
---
stdout:

stderr:
Can't use 'this' outside of a class.
