---
source: src/main.rs
expression: contents
---
stdout:

stderr:
[line 4] Error at '.': Expected expression
