---
source: src/main.rs
expression: contents
---
stdout:
called function with argument

stderr:
