---
source: src/main.rs
expression: contents
---
stdout:

stderr:
Cannot return from top-level code.
