---
source: src/main.rs
expression: contents
---
stdout:
true
false

stderr:
