---
source: src/main.rs
expression: contents
---
stdout:
global
global

stderr:
