---
source: src/main.rs
expression: contents
---
stdout:
sesame

stderr:
