---
source: src/main.rs
expression: contents
---
stdout:
6

stderr:
