---
source: src/main.rs
expression: contents
---
stdout:

stderr:
